// Jest Snapshot v1, https://goo.gl/fbAQLP

exports[`ToDoList Should match a snapshot 1`] = `
<ul>
  To Do!
</ul>
`;
