// Jest Snapshot v1, https://goo.gl/fbAQLP

exports[`map should match a snapshot 1`] = `
<div
  id="map"
/>
`;
