// Jest Snapshot v1, https://goo.gl/fbAQLP

exports[`map should match a snapshot 1`] = `
<div
  className="City"
  style={
    Object {
      "backgroundColor": "rgba(0,0,0,0.5)",
      "border": "5px solid rgba(0,0,0,0)",
      "borderRadius": 40,
      "color": "#3f51b5",
      "cursor": "context-menu",
      "fontSize": 16,
      "fontWeight": "bold",
      "height": 40,
      "left": -20,
      "padding": 4,
      "position": "absolute",
      "textAlign": "center",
      "top": -20,
      "width": 40,
    }
  }
>
  <img
    onClick={[Function]}
    onError={[Function]}
    src="img/list/list-flat.svg"
  />
</div>
`;
