// Jest Snapshot v1, https://goo.gl/fbAQLP

exports[`ToDo Should match a snapshot 1`] = `
<li
  className="ToDo_gfjdxk"
>
  1
   | 
  test
   | 
  1
</li>
`;
